syedk@IKRAM-IDEAPAD3 MINGW64 ~/Desktop/git_kata_repo (master)
$ ls
file.txt  file1.txt  file2.txt  greeting.txt  hello.txt

syedk@IKRAM-IDEAPAD3 MINGW64 ~/Desktop/git_kata_repo (master)
$ ls -R
.:
file.txt  file1.txt  file2.txt  greeting.txt  hello.txt

syedk@IKRAM-IDEAPAD3 MINGW64 ~/Desktop/git_kata_repo (master)
$ git clean -n

syedk@IKRAM-IDEAPAD3 MINGW64 ~/Desktop/git_kata_repo (master)
$ git add -A

syedk@IKRAM-IDEAPAD3 MINGW64 ~/Desktop/git_kata_repo (master)
$ git status
On branch master
nothing to commit, working tree clean

syedk@IKRAM-IDEAPAD3 MINGW64 ~/Desktop/git_kata_repo (master)
$ git clean -n -d

syedk@IKRAM-IDEAPAD3 MINGW64 ~/Desktop/git_kata_repo (master)
$ ls -R
.:
file.txt  file1.txt  file2.txt  greeting.txt  hello.txt

syedk@IKRAM-IDEAPAD3 MINGW64 ~/Desktop/git_kata_repo (master)
$ git clean -f -d

syedk@IKRAM-IDEAPAD3 MINGW64 ~/Desktop/git_kata_repo (master)
$ ls -R
.:
file.txt  file1.txt  file2.txt  greeting.txt  hello.txt
